192.168.2.20 - - [28/Jul/2006:10:27:10 -0300] "GET /cgi-bin/try/ HTTP/1.0" 200 3395
127.0.0.1 - - [28/Jul/2006:10:22:04 -0300] "GET / HTTP/1.0" 200 2216
127.0.0.1 - - [28/Jul/2006:10:27:32 -0300] "GET /hidden/ HTTP/1.0" 404 7218
127.2.0.1 - - [21/Jul/2006:10:27:50 -0300] "GET /hidden/ HTTP/1.0" 804 7728
120.7.11.1 - - [18/Jul/2011:11:27:32 -0300] "GET /hidden/ HTTP/1.0" 704 728
127.0.0.1 Ivan - [28/Jul/2006:10:27:32 -0300] "GET /hidden/ HTTP/1.0" 404 7218
192.168.2.20 - - [28/Jul/2016:10:27:10 -0300] "GET /cgi-bin/try/ HTTP/1.0" 200 204